Archive member included to satisfy reference by file (symbol)

c:/st/stm32cubeide_1.8.0/stm32cubeide/plugins/com.st.stm32cube.ide.mcu.externaltools.gnu-tools-for-stm32.9-2020-q2-update.win32_2.0.0.202105311346/tools/bin/../lib/gcc/arm-none-eabi/9.3.1/../../../../arm-none-eabi/lib/thumb/v7e-m+fp/hard\libc_nano.a(lib_a-errno.o)
                              ./Src/syscalls.o (__errno)
c:/st/stm32cubeide_1.8.0/stm32cubeide/plugins/com.st.stm32cube.ide.mcu.externaltools.gnu-tools-for-stm32.9-2020-q2-update.win32_2.0.0.202105311346/tools/bin/../lib/gcc/arm-none-eabi/9.3.1/../../../../arm-none-eabi/lib/thumb/v7e-m+fp/hard\libc_nano.a(lib_a-exit.o)
                              c:/st/stm32cubeide_1.8.0/stm32cubeide/plugins/com.st.stm32cube.ide.mcu.externaltools.gnu-tools-for-stm32.9-2020-q2-update.win32_2.0.0.202105311346/tools/bin/../lib/gcc/arm-none-eabi/9.3.1/../../../../arm-none-eabi/lib/thumb/v7e-m+fp/hard/crt0.o (exit)
c:/st/stm32cubeide_1.8.0/stm32cubeide/plugins/com.st.stm32cube.ide.mcu.externaltools.gnu-tools-for-stm32.9-2020-q2-update.win32_2.0.0.202105311346/tools/bin/../lib/gcc/arm-none-eabi/9.3.1/../../../../arm-none-eabi/lib/thumb/v7e-m+fp/hard\libc_nano.a(lib_a-impure.o)
                              c:/st/stm32cubeide_1.8.0/stm32cubeide/plugins/com.st.stm32cube.ide.mcu.externaltools.gnu-tools-for-stm32.9-2020-q2-update.win32_2.0.0.202105311346/tools/bin/../lib/gcc/arm-none-eabi/9.3.1/../../../../arm-none-eabi/lib/thumb/v7e-m+fp/hard\libc_nano.a(lib_a-exit.o) (_global_impure_ptr)
c:/st/stm32cubeide_1.8.0/stm32cubeide/plugins/com.st.stm32cube.ide.mcu.externaltools.gnu-tools-for-stm32.9-2020-q2-update.win32_2.0.0.202105311346/tools/bin/../lib/gcc/arm-none-eabi/9.3.1/../../../../arm-none-eabi/lib/thumb/v7e-m+fp/hard\libc_nano.a(lib_a-init.o)
                              c:/st/stm32cubeide_1.8.0/stm32cubeide/plugins/com.st.stm32cube.ide.mcu.externaltools.gnu-tools-for-stm32.9-2020-q2-update.win32_2.0.0.202105311346/tools/bin/../lib/gcc/arm-none-eabi/9.3.1/../../../../arm-none-eabi/lib/thumb/v7e-m+fp/hard/crt0.o (__libc_init_array)
c:/st/stm32cubeide_1.8.0/stm32cubeide/plugins/com.st.stm32cube.ide.mcu.externaltools.gnu-tools-for-stm32.9-2020-q2-update.win32_2.0.0.202105311346/tools/bin/../lib/gcc/arm-none-eabi/9.3.1/../../../../arm-none-eabi/lib/thumb/v7e-m+fp/hard\libc_nano.a(lib_a-memset.o)
                              c:/st/stm32cubeide_1.8.0/stm32cubeide/plugins/com.st.stm32cube.ide.mcu.externaltools.gnu-tools-for-stm32.9-2020-q2-update.win32_2.0.0.202105311346/tools/bin/../lib/gcc/arm-none-eabi/9.3.1/../../../../arm-none-eabi/lib/thumb/v7e-m+fp/hard/crt0.o (memset)
c:/st/stm32cubeide_1.8.0/stm32cubeide/plugins/com.st.stm32cube.ide.mcu.externaltools.gnu-tools-for-stm32.9-2020-q2-update.win32_2.0.0.202105311346/tools/bin/../lib/gcc/arm-none-eabi/9.3.1/../../../../arm-none-eabi/lib/thumb/v7e-m+fp/hard\libc_nano.a(lib_a-strlen.o)
                              ./Src/014_i2c_slave_tx_string2.o (strlen)

Allocating common symbols
Common symbol       size              file

I2C1Handle          0x28              ./Src/014_i2c_slave_tx_string2.o
CommandCode         0x1               ./Src/014_i2c_slave_tx_string2.o
rcv_buf             0x20              ./Src/014_i2c_slave_tx_string2.o

Discarded input sections

 .text          0x0000000000000000        0x0 c:/st/stm32cubeide_1.8.0/stm32cubeide/plugins/com.st.stm32cube.ide.mcu.externaltools.gnu-tools-for-stm32.9-2020-q2-update.win32_2.0.0.202105311346/tools/bin/../lib/gcc/arm-none-eabi/9.3.1/thumb/v7e-m+fp/hard/crti.o
 .data          0x0000000000000000        0x0 c:/st/stm32cubeide_1.8.0/stm32cubeide/plugins/com.st.stm32cube.ide.mcu.externaltools.gnu-tools-for-stm32.9-2020-q2-update.win32_2.0.0.202105311346/tools/bin/../lib/gcc/arm-none-eabi/9.3.1/thumb/v7e-m+fp/hard/crti.o
 .bss           0x0000000000000000        0x0 c:/st/stm32cubeide_1.8.0/stm32cubeide/plugins/com.st.stm32cube.ide.mcu.externaltools.gnu-tools-for-stm32.9-2020-q2-update.win32_2.0.0.202105311346/tools/bin/../lib/gcc/arm-none-eabi/9.3.1/thumb/v7e-m+fp/hard/crti.o
 .data          0x0000000000000000        0x4 c:/st/stm32cubeide_1.8.0/stm32cubeide/plugins/com.st.stm32cube.ide.mcu.externaltools.gnu-tools-for-stm32.9-2020-q2-update.win32_2.0.0.202105311346/tools/bin/../lib/gcc/arm-none-eabi/9.3.1/thumb/v7e-m+fp/hard/crtbegin.o
 .text          0x0000000000000000       0x7c c:/st/stm32cubeide_1.8.0/stm32cubeide/plugins/com.st.stm32cube.ide.mcu.externaltools.gnu-tools-for-stm32.9-2020-q2-update.win32_2.0.0.202105311346/tools/bin/../lib/gcc/arm-none-eabi/9.3.1/../../../../arm-none-eabi/lib/thumb/v7e-m+fp/hard/crt0.o
 .data          0x0000000000000000        0x0 c:/st/stm32cubeide_1.8.0/stm32cubeide/plugins/com.st.stm32cube.ide.mcu.externaltools.gnu-tools-for-stm32.9-2020-q2-update.win32_2.0.0.202105311346/tools/bin/../lib/gcc/arm-none-eabi/9.3.1/../../../../arm-none-eabi/lib/thumb/v7e-m+fp/hard/crt0.o
 .bss           0x0000000000000000        0x0 c:/st/stm32cubeide_1.8.0/stm32cubeide/plugins/com.st.stm32cube.ide.mcu.externaltools.gnu-tools-for-stm32.9-2020-q2-update.win32_2.0.0.202105311346/tools/bin/../lib/gcc/arm-none-eabi/9.3.1/../../../../arm-none-eabi/lib/thumb/v7e-m+fp/hard/crt0.o
 .ARM.extab     0x0000000000000000        0x0 c:/st/stm32cubeide_1.8.0/stm32cubeide/plugins/com.st.stm32cube.ide.mcu.externaltools.gnu-tools-for-stm32.9-2020-q2-update.win32_2.0.0.202105311346/tools/bin/../lib/gcc/arm-none-eabi/9.3.1/../../../../arm-none-eabi/lib/thumb/v7e-m+fp/hard/crt0.o
 .ARM.exidx     0x0000000000000000       0x10 c:/st/stm32cubeide_1.8.0/stm32cubeide/plugins/com.st.stm32cube.ide.mcu.externaltools.gnu-tools-for-stm32.9-2020-q2-update.win32_2.0.0.202105311346/tools/bin/../lib/gcc/arm-none-eabi/9.3.1/../../../../arm-none-eabi/lib/thumb/v7e-m+fp/hard/crt0.o
 .ARM.attributes
                0x0000000000000000       0x1c c:/st/stm32cubeide_1.8.0/stm32cubeide/plugins/com.st.stm32cube.ide.mcu.externaltools.gnu-tools-for-stm32.9-2020-q2-update.win32_2.0.0.202105311346/tools/bin/../lib/gcc/arm-none-eabi/9.3.1/../../../../arm-none-eabi/lib/thumb/v7e-m+fp/hard/crt0.o
 .group         0x0000000000000000        0xc ./Src/014_i2c_slave_tx_string2.o
 .group         0x0000000000000000        0xc ./Src/014_i2c_slave_tx_string2.o
 .group         0x0000000000000000        0xc ./Src/014_i2c_slave_tx_string2.o
 .group         0x0000000000000000        0xc ./Src/014_i2c_slave_tx_string2.o
 .group         0x0000000000000000        0xc ./Src/014_i2c_slave_tx_string2.o
 .group         0x0000000000000000        0xc ./Src/014_i2c_slave_tx_string2.o
 .group         0x0000000000000000        0xc ./Src/014_i2c_slave_tx_string2.o
 .group         0x0000000000000000        0xc ./Src/014_i2c_slave_tx_string2.o
 .group         0x0000000000000000        0xc ./Src/014_i2c_slave_tx_string2.o
 .group         0x0000000000000000        0xc ./Src/014_i2c_slave_tx_string2.o
 .group         0x0000000000000000        0xc ./Src/014_i2c_slave_tx_string2.o
 .group         0x0000000000000000        0xc ./Src/014_i2c_slave_tx_string2.o
 .group         0x0000000000000000        0xc ./Src/014_i2c_slave_tx_string2.o
 .group         0x0000000000000000        0xc ./Src/014_i2c_slave_tx_string2.o
 .group         0x0000000000000000        0xc ./Src/014_i2c_slave_tx_string2.o
 .group         0x0000000000000000        0xc ./Src/014_i2c_slave_tx_string2.o
 .group         0x0000000000000000        0xc ./Src/014_i2c_slave_tx_string2.o
 .group         0x0000000000000000        0xc ./Src/014_i2c_slave_tx_string2.o
 .group         0x0000000000000000        0xc ./Src/014_i2c_slave_tx_string2.o
 .group         0x0000000000000000        0xc ./Src/014_i2c_slave_tx_string2.o
 .group         0x0000000000000000        0xc ./Src/014_i2c_slave_tx_string2.o
 .group         0x0000000000000000        0xc ./Src/014_i2c_slave_tx_string2.o
 .group         0x0000000000000000        0xc ./Src/014_i2c_slave_tx_string2.o
 .group         0x0000000000000000        0xc ./Src/014_i2c_slave_tx_string2.o
 .group         0x0000000000000000        0xc ./Src/014_i2c_slave_tx_string2.o
 .group         0x0000000000000000        0xc ./Src/014_i2c_slave_tx_string2.o
 .group         0x0000000000000000        0xc ./Src/014_i2c_slave_tx_string2.o
 .group         0x0000000000000000        0xc ./Src/014_i2c_slave_tx_string2.o
 .group         0x0000000000000000        0xc ./Src/014_i2c_slave_tx_string2.o
 .group         0x0000000000000000        0xc ./Src/014_i2c_slave_tx_string2.o
 .group         0x0000000000000000        0xc ./Src/014_i2c_slave_tx_string2.o
 .group         0x0000000000000000        0xc ./Src/014_i2c_slave_tx_string2.o
 .group         0x0000000000000000        0xc ./Src/014_i2c_slave_tx_string2.o
 .group         0x0000000000000000        0xc ./Src/014_i2c_slave_tx_string2.o
 .group         0x0000000000000000        0xc ./Src/014_i2c_slave_tx_string2.o
 .group         0x0000000000000000        0xc ./Src/014_i2c_slave_tx_string2.o
 .group         0x0000000000000000        0xc ./Src/014_i2c_slave_tx_string2.o
 .group         0x0000000000000000        0xc ./Src/014_i2c_slave_tx_string2.o
 .group         0x0000000000000000        0xc ./Src/014_i2c_slave_tx_string2.o
 .group         0x0000000000000000        0xc ./Src/014_i2c_slave_tx_string2.o
 .group         0x0000000000000000        0xc ./Src/014_i2c_slave_tx_string2.o
 .group         0x0000000000000000        0xc ./Src/014_i2c_slave_tx_string2.o
 .text          0x0000000000000000        0x0 ./Src/014_i2c_slave_tx_string2.o
 .data          0x0000000000000000        0x0 ./Src/014_i2c_slave_tx_string2.o
 .bss           0x0000000000000000        0x0 ./Src/014_i2c_slave_tx_string2.o
 .text.delay    0x0000000000000000       0x2c ./Src/014_i2c_slave_tx_string2.o
 .group         0x0000000000000000        0xc ./Src/syscalls.o
 .group         0x0000000000000000        0xc ./Src/syscalls.o
 .group         0x0000000000000000        0xc ./Src/syscalls.o
 .group         0x0000000000000000        0xc ./Src/syscalls.o
 .group         0x0000000000000000        0xc ./Src/syscalls.o
 .group         0x0000000000000000        0xc ./Src/syscalls.o
 .group         0x0000000000000000        0xc ./Src/syscalls.o
 .group         0x0000000000000000        0xc ./Src/syscalls.o
 .group         0x0000000000000000        0xc ./Src/syscalls.o
 .group         0x0000000000000000        0xc ./Src/syscalls.o
 .group         0x0000000000000000        0xc ./Src/syscalls.o
 .group         0x0000000000000000        0xc ./Src/syscalls.o
 .group         0x0000000000000000        0xc ./Src/syscalls.o
 .group         0x0000000000000000        0xc ./Src/syscalls.o
 .group         0x0000000000000000        0xc ./Src/syscalls.o
 .group         0x0000000000000000        0xc ./Src/syscalls.o
 .group         0x0000000000000000        0xc ./Src/syscalls.o
 .group         0x0000000000000000        0xc ./Src/syscalls.o
 .group         0x0000000000000000        0xc ./Src/syscalls.o
 .group         0x0000000000000000        0xc ./Src/syscalls.o
 .group         0x0000000000000000        0xc ./Src/syscalls.o
 .group         0x0000000000000000        0xc ./Src/syscalls.o
 .group         0x0000000000000000        0xc ./Src/syscalls.o
 .group         0x0000000000000000        0xc ./Src/syscalls.o
 .group         0x0000000000000000        0xc ./Src/syscalls.o
 .group         0x0000000000000000        0xc ./Src/syscalls.o
 .group         0x0000000000000000        0xc ./Src/syscalls.o
 .group         0x0000000000000000        0xc ./Src/syscalls.o
 .group         0x0000000000000000        0xc ./Src/syscalls.o
 .group         0x0000000000000000        0xc ./Src/syscalls.o
 .group         0x0000000000000000        0xc ./Src/syscalls.o
 .group         0x0000000000000000        0xc ./Src/syscalls.o
 .group         0x0000000000000000        0xc ./Src/syscalls.o
 .group         0x0000000000000000        0xc ./Src/syscalls.o
 .group         0x0000000000000000        0xc ./Src/syscalls.o
 .group         0x0000000000000000        0xc ./Src/syscalls.o
 .group         0x0000000000000000        0xc ./Src/syscalls.o
 .group         0x0000000000000000        0xc ./Src/syscalls.o
 .group         0x0000000000000000        0xc ./Src/syscalls.o
 .group         0x0000000000000000        0xc ./Src/syscalls.o
 .group         0x0000000000000000        0xc ./Src/syscalls.o
 .group         0x0000000000000000        0xc ./Src/syscalls.o
 .group         0x0000000000000000        0xc ./Src/syscalls.o
 .group         0x0000000000000000        0xc ./Src/syscalls.o
 .group         0x0000000000000000        0xc ./Src/syscalls.o
 .group         0x0000000000000000        0xc ./Src/syscalls.o
 .group         0x0000000000000000        0xc ./Src/syscalls.o
 .text          0x0000000000000000        0x0 ./Src/syscalls.o
 .data          0x0000000000000000        0x0 ./Src/syscalls.o
 .bss           0x0000000000000000        0x0 ./Src/syscalls.o
 .bss.__env     0x0000000000000000        0x4 ./Src/syscalls.o
 .data.environ  0x0000000000000000        0x4 ./Src/syscalls.o
 .text.initialise_monitor_handles
                0x0000000000000000        0xe ./Src/syscalls.o
 .text._getpid  0x0000000000000000       0x10 ./Src/syscalls.o
 .text._kill    0x0000000000000000       0x20 ./Src/syscalls.o
 .text._exit    0x0000000000000000       0x14 ./Src/syscalls.o
 .text._read    0x0000000000000000       0x3a ./Src/syscalls.o
 .text._write   0x0000000000000000       0x38 ./Src/syscalls.o
 .text._close   0x0000000000000000       0x18 ./Src/syscalls.o
 .text._fstat   0x0000000000000000       0x20 ./Src/syscalls.o
 .text._isatty  0x0000000000000000       0x16 ./Src/syscalls.o
 .text._lseek   0x0000000000000000       0x1a ./Src/syscalls.o
 .text._open    0x0000000000000000       0x1c ./Src/syscalls.o
 .text._wait    0x0000000000000000       0x1e ./Src/syscalls.o
 .text._unlink  0x0000000000000000       0x1e ./Src/syscalls.o
 .text._times   0x0000000000000000       0x18 ./Src/syscalls.o
 .text._stat    0x0000000000000000       0x20 ./Src/syscalls.o
 .text._link    0x0000000000000000       0x20 ./Src/syscalls.o
 .text._fork    0x0000000000000000       0x16 ./Src/syscalls.o
 .text._execve  0x0000000000000000       0x22 ./Src/syscalls.o
 .debug_info    0x0000000000000000      0xfa8 ./Src/syscalls.o
 .debug_abbrev  0x0000000000000000      0x286 ./Src/syscalls.o
 .debug_aranges
                0x0000000000000000       0xa8 ./Src/syscalls.o
 .debug_ranges  0x0000000000000000       0x98 ./Src/syscalls.o
 .debug_macro   0x0000000000000000      0x24c ./Src/syscalls.o
 .debug_macro   0x0000000000000000      0xab4 ./Src/syscalls.o
 .debug_macro   0x0000000000000000       0x22 ./Src/syscalls.o
 .debug_macro   0x0000000000000000       0x4c ./Src/syscalls.o
 .debug_macro   0x0000000000000000       0x18 ./Src/syscalls.o
 .debug_macro   0x0000000000000000       0x94 ./Src/syscalls.o
 .debug_macro   0x0000000000000000       0x3c ./Src/syscalls.o
 .debug_macro   0x0000000000000000       0x34 ./Src/syscalls.o
 .debug_macro   0x0000000000000000       0x57 ./Src/syscalls.o
 .debug_macro   0x0000000000000000      0x174 ./Src/syscalls.o
 .debug_macro   0x0000000000000000      0x339 ./Src/syscalls.o
 .debug_macro   0x0000000000000000       0x16 ./Src/syscalls.o
 .debug_macro   0x0000000000000000       0x43 ./Src/syscalls.o
 .debug_macro   0x0000000000000000       0x34 ./Src/syscalls.o
 .debug_macro   0x0000000000000000       0x10 ./Src/syscalls.o
 .debug_macro   0x0000000000000000       0x58 ./Src/syscalls.o
 .debug_macro   0x0000000000000000       0x71 ./Src/syscalls.o
 .debug_macro   0x0000000000000000       0x1c ./Src/syscalls.o
 .debug_macro   0x0000000000000000      0x12a ./Src/syscalls.o
 .debug_macro   0x0000000000000000       0x10 ./Src/syscalls.o
 .debug_macro   0x0000000000000000       0x35 ./Src/syscalls.o
 .debug_macro   0x0000000000000000       0x10 ./Src/syscalls.o
 .debug_macro   0x0000000000000000       0x10 ./Src/syscalls.o
 .debug_macro   0x0000000000000000       0x10 ./Src/syscalls.o
 .debug_macro   0x0000000000000000       0x6a ./Src/syscalls.o
 .debug_macro   0x0000000000000000       0x1c ./Src/syscalls.o
 .debug_macro   0x0000000000000000       0x52 ./Src/syscalls.o
 .debug_macro   0x0000000000000000       0x22 ./Src/syscalls.o
 .debug_macro   0x0000000000000000       0x10 ./Src/syscalls.o
 .debug_macro   0x0000000000000000       0x40 ./Src/syscalls.o
 .debug_macro   0x0000000000000000       0xd5 ./Src/syscalls.o
 .debug_macro   0x0000000000000000       0x1c ./Src/syscalls.o
 .debug_macro   0x0000000000000000       0x3d ./Src/syscalls.o
 .debug_macro   0x0000000000000000       0x35 ./Src/syscalls.o
 .debug_macro   0x0000000000000000      0x12c ./Src/syscalls.o
 .debug_macro   0x0000000000000000       0x16 ./Src/syscalls.o
 .debug_macro   0x0000000000000000       0x16 ./Src/syscalls.o
 .debug_macro   0x0000000000000000       0x29 ./Src/syscalls.o
 .debug_macro   0x0000000000000000       0x10 ./Src/syscalls.o
 .debug_macro   0x0000000000000000      0x241 ./Src/syscalls.o
 .debug_macro   0x0000000000000000       0x1c ./Src/syscalls.o
 .debug_macro   0x0000000000000000       0x10 ./Src/syscalls.o
 .debug_macro   0x0000000000000000       0x10 ./Src/syscalls.o
 .debug_macro   0x0000000000000000       0x16 ./Src/syscalls.o
 .debug_macro   0x0000000000000000      0x145 ./Src/syscalls.o
 .debug_macro   0x0000000000000000      0x189 ./Src/syscalls.o
 .debug_macro   0x0000000000000000       0x16 ./Src/syscalls.o
 .debug_macro   0x0000000000000000       0xce ./Src/syscalls.o
 .debug_line    0x0000000000000000      0x7fd ./Src/syscalls.o
 .debug_str     0x0000000000000000     0x8ee8 ./Src/syscalls.o
 .comment       0x0000000000000000       0x54 ./Src/syscalls.o
 .debug_frame   0x0000000000000000      0x2ac ./Src/syscalls.o
 .ARM.attributes
                0x0000000000000000       0x34 ./Src/syscalls.o
 .group         0x0000000000000000        0xc ./Src/sysmem.o
 .group         0x0000000000000000        0xc ./Src/sysmem.o
 .group         0x0000000000000000        0xc ./Src/sysmem.o
 .group         0x0000000000000000        0xc ./Src/sysmem.o
 .group         0x0000000000000000        0xc ./Src/sysmem.o
 .group         0x0000000000000000        0xc ./Src/sysmem.o
 .group         0x0000000000000000        0xc ./Src/sysmem.o
 .group         0x0000000000000000        0xc ./Src/sysmem.o
 .group         0x0000000000000000        0xc ./Src/sysmem.o
 .group         0x0000000000000000        0xc ./Src/sysmem.o
 .group         0x0000000000000000        0xc ./Src/sysmem.o
 .group         0x0000000000000000        0xc ./Src/sysmem.o
 .group         0x0000000000000000        0xc ./Src/sysmem.o
 .group         0x0000000000000000        0xc ./Src/sysmem.o
 .group         0x0000000000000000        0xc ./Src/sysmem.o
 .group         0x0000000000000000        0xc ./Src/sysmem.o
 .group         0x0000000000000000        0xc ./Src/sysmem.o
 .group         0x0000000000000000        0xc ./Src/sysmem.o
 .group         0x0000000000000000        0xc ./Src/sysmem.o
 .group         0x0000000000000000        0xc ./Src/sysmem.o
 .group         0x0000000000000000        0xc ./Src/sysmem.o
 .group         0x0000000000000000        0xc ./Src/sysmem.o
 .text          0x0000000000000000        0x0 ./Src/sysmem.o
 .data          0x0000000000000000        0x0 ./Src/sysmem.o
 .bss           0x0000000000000000        0x0 ./Src/sysmem.o
 .bss.__sbrk_heap_end
                0x0000000000000000        0x4 ./Src/sysmem.o
 .text._sbrk    0x0000000000000000       0x6c ./Src/sysmem.o
 .debug_info    0x0000000000000000      0xa25 ./Src/sysmem.o
 .debug_abbrev  0x0000000000000000      0x1bf ./Src/sysmem.o
 .debug_aranges
                0x0000000000000000       0x20 ./Src/sysmem.o
 .debug_ranges  0x0000000000000000       0x10 ./Src/sysmem.o
 .debug_macro   0x0000000000000000       0xff ./Src/sysmem.o
 .debug_macro   0x0000000000000000      0xab4 ./Src/sysmem.o
 .debug_macro   0x0000000000000000       0x10 ./Src/sysmem.o
 .debug_macro   0x0000000000000000       0x22 ./Src/sysmem.o
 .debug_macro   0x0000000000000000       0x4c ./Src/sysmem.o
 .debug_macro   0x0000000000000000       0x18 ./Src/sysmem.o
 .debug_macro   0x0000000000000000       0x94 ./Src/sysmem.o
 .debug_macro   0x0000000000000000       0x3c ./Src/sysmem.o
 .debug_macro   0x0000000000000000       0x34 ./Src/sysmem.o
 .debug_macro   0x0000000000000000      0x174 ./Src/sysmem.o
 .debug_macro   0x0000000000000000       0x16 ./Src/sysmem.o
 .debug_macro   0x0000000000000000       0x43 ./Src/sysmem.o
 .debug_macro   0x0000000000000000       0x57 ./Src/sysmem.o
 .debug_macro   0x0000000000000000       0x34 ./Src/sysmem.o
 .debug_macro   0x0000000000000000       0x10 ./Src/sysmem.o
 .debug_macro   0x0000000000000000       0x58 ./Src/sysmem.o
 .debug_macro   0x0000000000000000       0x71 ./Src/sysmem.o
 .debug_macro   0x0000000000000000       0x1c ./Src/sysmem.o
 .debug_macro   0x0000000000000000      0x12a ./Src/sysmem.o
 .debug_macro   0x0000000000000000      0x23b ./Src/sysmem.o
 .debug_macro   0x0000000000000000      0x103 ./Src/sysmem.o
 .debug_macro   0x0000000000000000       0x6a ./Src/sysmem.o
 .debug_macro   0x0000000000000000      0x1df ./Src/sysmem.o
 .debug_line    0x0000000000000000      0x4f3 ./Src/sysmem.o
 .debug_str     0x0000000000000000     0x62bb ./Src/sysmem.o
 .comment       0x0000000000000000       0x54 ./Src/sysmem.o
 .debug_frame   0x0000000000000000       0x34 ./Src/sysmem.o
 .ARM.attributes
                0x0000000000000000       0x34 ./Src/sysmem.o
 .text          0x0000000000000000       0x14 ./Startup/startup_stm32f446retx.o
 .data          0x0000000000000000        0x0 ./Startup/startup_stm32f446retx.o
 .bss           0x0000000000000000        0x0 ./Startup/startup_stm32f446retx.o
 .group         0x0000000000000000        0xc ./drivers/Src/stm32f446xx_gpio_driver.o
 .group         0x0000000000000000        0xc ./drivers/Src/stm32f446xx_gpio_driver.o
 .group         0x0000000000000000        0xc ./drivers/Src/stm32f446xx_gpio_driver.o
 .group         0x0000000000000000        0xc ./drivers/Src/stm32f446xx_gpio_driver.o
 .group         0x0000000000000000        0xc ./drivers/Src/stm32f446xx_gpio_driver.o
 .group         0x0000000000000000        0xc ./drivers/Src/stm32f446xx_gpio_driver.o
 .group         0x0000000000000000        0xc ./drivers/Src/stm32f446xx_gpio_driver.o
 .group         0x0000000000000000        0xc ./drivers/Src/stm32f446xx_gpio_driver.o
 .group         0x0000000000000000        0xc ./drivers/Src/stm32f446xx_gpio_driver.o
 .group         0x0000000000000000        0xc ./drivers/Src/stm32f446xx_gpio_driver.o
 .group         0x0000000000000000        0xc ./drivers/Src/stm32f446xx_gpio_driver.o
 .group         0x0000000000000000        0xc ./drivers/Src/stm32f446xx_gpio_driver.o
 .text          0x0000000000000000        0x0 ./drivers/Src/stm32f446xx_gpio_driver.o
 .data          0x0000000000000000        0x0 ./drivers/Src/stm32f446xx_gpio_driver.o
 .bss           0x0000000000000000        0x0 ./drivers/Src/stm32f446xx_gpio_driver.o
 .text.GPIO_DeInit
                0x0000000000000000      0x148 ./drivers/Src/stm32f446xx_gpio_driver.o
 .text.GPIO_ReadFromInputPin
                0x0000000000000000       0x2c ./drivers/Src/stm32f446xx_gpio_driver.o
 .text.GPIO_ReadFromInputPort
                0x0000000000000000       0x1c ./drivers/Src/stm32f446xx_gpio_driver.o
 .text.GPIO_WriteToOutputPin
                0x0000000000000000       0x4e ./drivers/Src/stm32f446xx_gpio_driver.o
 .text.GPIO_WriteToOutputPort
                0x0000000000000000       0x1e ./drivers/Src/stm32f446xx_gpio_driver.o
 .text.GPIO_ToggleOutputPin
                0x0000000000000000       0x2a ./drivers/Src/stm32f446xx_gpio_driver.o
 .text.GPIO_IRQInterruptConfig
                0x0000000000000000      0x10c ./drivers/Src/stm32f446xx_gpio_driver.o
 .text.GPIO_IRQPriorityConfig
                0x0000000000000000       0x54 ./drivers/Src/stm32f446xx_gpio_driver.o
 .text.GPIO_IRQHandling
                0x0000000000000000       0x40 ./drivers/Src/stm32f446xx_gpio_driver.o
 .debug_macro   0x0000000000000000      0xab4 ./drivers/Src/stm32f446xx_gpio_driver.o
 .debug_macro   0x0000000000000000       0x22 ./drivers/Src/stm32f446xx_gpio_driver.o
 .debug_macro   0x0000000000000000      0x103 ./drivers/Src/stm32f446xx_gpio_driver.o
 .debug_macro   0x0000000000000000       0x6a ./drivers/Src/stm32f446xx_gpio_driver.o
 .debug_macro   0x0000000000000000      0x1df ./drivers/Src/stm32f446xx_gpio_driver.o
 .debug_macro   0x0000000000000000      0x174 ./drivers/Src/stm32f446xx_gpio_driver.o
 .debug_macro   0x0000000000000000      0x61b ./drivers/Src/stm32f446xx_gpio_driver.o
 .debug_macro   0x0000000000000000       0xd6 ./drivers/Src/stm32f446xx_gpio_driver.o
 .debug_macro   0x0000000000000000       0xc4 ./drivers/Src/stm32f446xx_gpio_driver.o
 .group         0x0000000000000000        0xc ./drivers/Src/stm32f446xx_i2c_driver.o
 .group         0x0000000000000000        0xc ./drivers/Src/stm32f446xx_i2c_driver.o
 .group         0x0000000000000000        0xc ./drivers/Src/stm32f446xx_i2c_driver.o
 .group         0x0000000000000000        0xc ./drivers/Src/stm32f446xx_i2c_driver.o
 .group         0x0000000000000000        0xc ./drivers/Src/stm32f446xx_i2c_driver.o
 .group         0x0000000000000000        0xc ./drivers/Src/stm32f446xx_i2c_driver.o
 .group         0x0000000000000000        0xc ./drivers/Src/stm32f446xx_i2c_driver.o
 .group         0x0000000000000000        0xc ./drivers/Src/stm32f446xx_i2c_driver.o
 .group         0x0000000000000000        0xc ./drivers/Src/stm32f446xx_i2c_driver.o
 .group         0x0000000000000000        0xc ./drivers/Src/stm32f446xx_i2c_driver.o
 .group         0x0000000000000000        0xc ./drivers/Src/stm32f446xx_i2c_driver.o
 .group         0x0000000000000000        0xc ./drivers/Src/stm32f446xx_i2c_driver.o
 .text          0x0000000000000000        0x0 ./drivers/Src/stm32f446xx_i2c_driver.o
 .data          0x0000000000000000        0x0 ./drivers/Src/stm32f446xx_i2c_driver.o
 .bss           0x0000000000000000        0x0 ./drivers/Src/stm32f446xx_i2c_driver.o
 .text.I2C_GenerateStartCondition
                0x0000000000000000       0x20 ./drivers/Src/stm32f446xx_i2c_driver.o
 .text.I2C_MasterSendData
                0x0000000000000000       0xc6 ./drivers/Src/stm32f446xx_i2c_driver.o
 .text.I2C_MasterReceiveData
                0x0000000000000000      0x124 ./drivers/Src/stm32f446xx_i2c_driver.o
 .text.I2C_MasterSendDataIT
                0x0000000000000000       0x86 ./drivers/Src/stm32f446xx_i2c_driver.o
 .text.I2C_MasterReceiveDataIT
                0x0000000000000000       0x94 ./drivers/Src/stm32f446xx_i2c_driver.o
 .text.I2C_IRQPriorityConfig
                0x0000000000000000       0x54 ./drivers/Src/stm32f446xx_i2c_driver.o
 .text.I2C_GetFlagStatus
                0x0000000000000000       0x28 ./drivers/Src/stm32f446xx_i2c_driver.o
 .debug_macro   0x0000000000000000      0xab4 ./drivers/Src/stm32f446xx_i2c_driver.o
 .debug_macro   0x0000000000000000      0x174 ./drivers/Src/stm32f446xx_i2c_driver.o
 .debug_macro   0x0000000000000000       0x22 ./drivers/Src/stm32f446xx_i2c_driver.o
 .debug_macro   0x0000000000000000       0x8e ./drivers/Src/stm32f446xx_i2c_driver.o
 .debug_macro   0x0000000000000000       0x51 ./drivers/Src/stm32f446xx_i2c_driver.o
 .debug_macro   0x0000000000000000      0x103 ./drivers/Src/stm32f446xx_i2c_driver.o
 .debug_macro   0x0000000000000000       0x6a ./drivers/Src/stm32f446xx_i2c_driver.o
 .debug_macro   0x0000000000000000      0x1df ./drivers/Src/stm32f446xx_i2c_driver.o
 .debug_macro   0x0000000000000000      0x61b ./drivers/Src/stm32f446xx_i2c_driver.o
 .debug_macro   0x0000000000000000       0xc4 ./drivers/Src/stm32f446xx_i2c_driver.o
 .debug_macro   0x0000000000000000       0xe8 ./drivers/Src/stm32f446xx_i2c_driver.o
 .group         0x0000000000000000        0xc ./drivers/Src/stm32f446xx_spi_driver.o
 .group         0x0000000000000000        0xc ./drivers/Src/stm32f446xx_spi_driver.o
 .group         0x0000000000000000        0xc ./drivers/Src/stm32f446xx_spi_driver.o
 .group         0x0000000000000000        0xc ./drivers/Src/stm32f446xx_spi_driver.o
 .group         0x0000000000000000        0xc ./drivers/Src/stm32f446xx_spi_driver.o
 .group         0x0000000000000000        0xc ./drivers/Src/stm32f446xx_spi_driver.o
 .group         0x0000000000000000        0xc ./drivers/Src/stm32f446xx_spi_driver.o
 .group         0x0000000000000000        0xc ./drivers/Src/stm32f446xx_spi_driver.o
 .group         0x0000000000000000        0xc ./drivers/Src/stm32f446xx_spi_driver.o
 .group         0x0000000000000000        0xc ./drivers/Src/stm32f446xx_spi_driver.o
 .group         0x0000000000000000        0xc ./drivers/Src/stm32f446xx_spi_driver.o
 .group         0x0000000000000000        0xc ./drivers/Src/stm32f446xx_spi_driver.o
 .text          0x0000000000000000        0x0 ./drivers/Src/stm32f446xx_spi_driver.o
 .data          0x0000000000000000        0x0 ./drivers/Src/stm32f446xx_spi_driver.o
 .bss           0x0000000000000000        0x0 ./drivers/Src/stm32f446xx_spi_driver.o
 .text.SPI_PeriClockControl
                0x0000000000000000       0xe0 ./drivers/Src/stm32f446xx_spi_driver.o
 .text.SPI_Init
                0x0000000000000000       0xb6 ./drivers/Src/stm32f446xx_spi_driver.o
 .text.SPI_DeInit
                0x0000000000000000       0xb0 ./drivers/Src/stm32f446xx_spi_driver.o
 .text.SPI_GetFlagStatus
                0x0000000000000000       0x28 ./drivers/Src/stm32f446xx_spi_driver.o
 .text.SPI_SendData
                0x0000000000000000       0x6e ./drivers/Src/stm32f446xx_spi_driver.o
 .text.SPI_ReceiveData
                0x0000000000000000       0x6e ./drivers/Src/stm32f446xx_spi_driver.o
 .text.SPI_IRQInterruptConfig
                0x0000000000000000      0x10c ./drivers/Src/stm32f446xx_spi_driver.o
 .text.SPI_IRQPriorityConfig
                0x0000000000000000       0x54 ./drivers/Src/stm32f446xx_spi_driver.o
 .text.SPI_SendDataIT
                0x0000000000000000       0x48 ./drivers/Src/stm32f446xx_spi_driver.o
 .text.SPI_ReceiveDataIT
                0x0000000000000000       0x48 ./drivers/Src/stm32f446xx_spi_driver.o
 .text.SPI_IRQHandling
                0x0000000000000000       0x9a ./drivers/Src/stm32f446xx_spi_driver.o
 .text.spi_txe_interrupt_handle
                0x0000000000000000       0x80 ./drivers/Src/stm32f446xx_spi_driver.o
 .text.spi_rxne_interrupt_handle
                0x0000000000000000       0x84 ./drivers/Src/stm32f446xx_spi_driver.o
 .text.spi_ovr_err_interrupt_handle
                0x0000000000000000       0x30 ./drivers/Src/stm32f446xx_spi_driver.o
 .text.SPI_PeripheralControl
                0x0000000000000000       0x38 ./drivers/Src/stm32f446xx_spi_driver.o
 .text.SPI_SSIConfig
                0x0000000000000000       0x38 ./drivers/Src/stm32f446xx_spi_driver.o
 .text.SPI_SSOEConfig
                0x0000000000000000       0x38 ./drivers/Src/stm32f446xx_spi_driver.o
 .text.SPI_CloseTransmisson
                0x0000000000000000       0x36 ./drivers/Src/stm32f446xx_spi_driver.o
 .text.SPI_CloseReception
                0x0000000000000000       0x36 ./drivers/Src/stm32f446xx_spi_driver.o
 .text.SPI_ClearOVRFlag
                0x0000000000000000       0x20 ./drivers/Src/stm32f446xx_spi_driver.o
 .text.SPI_ApplicationEventCallback
                0x0000000000000000       0x18 ./drivers/Src/stm32f446xx_spi_driver.o
 .debug_info    0x0000000000000000      0x92b ./drivers/Src/stm32f446xx_spi_driver.o
 .debug_abbrev  0x0000000000000000      0x1c3 ./drivers/Src/stm32f446xx_spi_driver.o
 .debug_aranges
                0x0000000000000000       0xc0 ./drivers/Src/stm32f446xx_spi_driver.o
 .debug_ranges  0x0000000000000000       0xb0 ./drivers/Src/stm32f446xx_spi_driver.o
 .debug_macro   0x0000000000000000       0xad ./drivers/Src/stm32f446xx_spi_driver.o
 .debug_macro   0x0000000000000000      0xab4 ./drivers/Src/stm32f446xx_spi_driver.o
 .debug_macro   0x0000000000000000      0x174 ./drivers/Src/stm32f446xx_spi_driver.o
 .debug_macro   0x0000000000000000       0x22 ./drivers/Src/stm32f446xx_spi_driver.o
 .debug_macro   0x0000000000000000       0x8e ./drivers/Src/stm32f446xx_spi_driver.o
 .debug_macro   0x0000000000000000       0x51 ./drivers/Src/stm32f446xx_spi_driver.o
 .debug_macro   0x0000000000000000      0x103 ./drivers/Src/stm32f446xx_spi_driver.o
 .debug_macro   0x0000000000000000       0x6a ./drivers/Src/stm32f446xx_spi_driver.o
 .debug_macro   0x0000000000000000      0x1df ./drivers/Src/stm32f446xx_spi_driver.o
 .debug_macro   0x0000000000000000      0x61b ./drivers/Src/stm32f446xx_spi_driver.o
 .debug_macro   0x0000000000000000       0xc4 ./drivers/Src/stm32f446xx_spi_driver.o
 .debug_macro   0x0000000000000000       0xd6 ./drivers/Src/stm32f446xx_spi_driver.o
 .debug_macro   0x0000000000000000       0xe2 ./drivers/Src/stm32f446xx_spi_driver.o
 .debug_line    0x0000000000000000      0x9b4 ./drivers/Src/stm32f446xx_spi_driver.o
 .debug_str     0x0000000000000000     0x6bf0 ./drivers/Src/stm32f446xx_spi_driver.o
 .comment       0x0000000000000000       0x54 ./drivers/Src/stm32f446xx_spi_driver.o
 .debug_frame   0x0000000000000000      0x33c ./drivers/Src/stm32f446xx_spi_driver.o
 .ARM.attributes
                0x0000000000000000       0x34 ./drivers/Src/stm32f446xx_spi_driver.o
 .text          0x0000000000000000        0x0 c:/st/stm32cubeide_1.8.0/stm32cubeide/plugins/com.st.stm32cube.ide.mcu.externaltools.gnu-tools-for-stm32.9-2020-q2-update.win32_2.0.0.202105311346/tools/bin/../lib/gcc/arm-none-eabi/9.3.1/../../../../arm-none-eabi/lib/thumb/v7e-m+fp/hard\libc_nano.a(lib_a-errno.o)
 .data          0x0000000000000000        0x0 c:/st/stm32cubeide_1.8.0/stm32cubeide/plugins/com.st.stm32cube.ide.mcu.externaltools.gnu-tools-for-stm32.9-2020-q2-update.win32_2.0.0.202105311346/tools/bin/../lib/gcc/arm-none-eabi/9.3.1/../../../../arm-none-eabi/lib/thumb/v7e-m+fp/hard\libc_nano.a(lib_a-errno.o)
 .bss           0x0000000000000000        0x0 c:/st/stm32cubeide_1.8.0/stm32cubeide/plugins/com.st.stm32cube.ide.mcu.externaltools.gnu-tools-for-stm32.9-2020-q2-update.win32_2.0.0.202105311346/tools/bin/../lib/gcc/arm-none-eabi/9.3.1/../../../../arm-none-eabi/lib/thumb/v7e-m+fp/hard\libc_nano.a(lib_a-errno.o)
 .text.__errno  0x0000000000000000        0xc c:/st/stm32cubeide_1.8.0/stm32cubeide/plugins/com.st.stm32cube.ide.mcu.externaltools.gnu-tools-for-stm32.9-2020-q2-update.win32_2.0.0.202105311346/tools/bin/../lib/gcc/arm-none-eabi/9.3.1/../../../../arm-none-eabi/lib/thumb/v7e-m+fp/hard\libc_nano.a(lib_a-errno.o)
 .debug_frame   0x0000000000000000       0x20 c:/st/stm32cubeide_1.8.0/stm32cubeide/plugins/com.st.stm32cube.ide.mcu.externaltools.gnu-tools-for-stm32.9-2020-q2-update.win32_2.0.0.202105311346/tools/bin/../lib/gcc/arm-none-eabi/9.3.1/../../../../arm-none-eabi/lib/thumb/v7e-m+fp/hard\libc_nano.a(lib_a-errno.o)
 .ARM.attributes
                0x0000000000000000       0x34 c:/st/stm32cubeide_1.8.0/stm32cubeide/plugins/com.st.stm32cube.ide.mcu.externaltools.gnu-tools-for-stm32.9-2020-q2-update.win32_2.0.0.202105311346/tools/bin/../lib/gcc/arm-none-eabi/9.3.1/../../../../arm-none-eabi/lib/thumb/v7e-m+fp/hard\libc_nano.a(lib_a-errno.o)
 .text          0x0000000000000000        0x0 c:/st/stm32cubeide_1.8.0/stm32cubeide/plugins/com.st.stm32cube.ide.mcu.externaltools.gnu-tools-for-stm32.9-2020-q2-update.win32_2.0.0.202105311346/tools/bin/../lib/gcc/arm-none-eabi/9.3.1/../../../../arm-none-eabi/lib/thumb/v7e-m+fp/hard\libc_nano.a(lib_a-exit.o)
 .data          0x0000000000000000        0x0 c:/st/stm32cubeide_1.8.0/stm32cubeide/plugins/com.st.stm32cube.ide.mcu.externaltools.gnu-tools-for-stm32.9-2020-q2-update.win32_2.0.0.202105311346/tools/bin/../lib/gcc/arm-none-eabi/9.3.1/../../../../arm-none-eabi/lib/thumb/v7e-m+fp/hard\libc_nano.a(lib_a-exit.o)
 .bss           0x0000000000000000        0x0 c:/st/stm32cubeide_1.8.0/stm32cubeide/plugins/com.st.stm32cube.ide.mcu.externaltools.gnu-tools-for-stm32.9-2020-q2-update.win32_2.0.0.202105311346/tools/bin/../lib/gcc/arm-none-eabi/9.3.1/../../../../arm-none-eabi/lib/thumb/v7e-m+fp/hard\libc_nano.a(lib_a-exit.o)
 .text.exit     0x0000000000000000       0x28 c:/st/stm32cubeide_1.8.0/stm32cubeide/plugins/com.st.stm32cube.ide.mcu.externaltools.gnu-tools-for-stm32.9-2020-q2-update.win32_2.0.0.202105311346/tools/bin/../lib/gcc/arm-none-eabi/9.3.1/../../../../arm-none-eabi/lib/thumb/v7e-m+fp/hard\libc_nano.a(lib_a-exit.o)
 .debug_frame   0x0000000000000000       0x28 c:/st/stm32cubeide_1.8.0/stm32cubeide/plugins/com.st.stm32cube.ide.mcu.externaltools.gnu-tools-for-stm32.9-2020-q2-update.win32_2.0.0.202105311346/tools/bin/../lib/gcc/arm-none-eabi/9.3.1/../../../../arm-none-eabi/lib/thumb/v7e-m+fp/hard\libc_nano.a(lib_a-exit.o)
 .ARM.attributes
                0x0000000000000000       0x34 c:/st/stm32cubeide_1.8.0/stm32cubeide/plugins/com.st.stm32cube.ide.mcu.externaltools.gnu-tools-for-stm32.9-2020-q2-update.win32_2.0.0.202105311346/tools/bin/../lib/gcc/arm-none-eabi/9.3.1/../../../../arm-none-eabi/lib/thumb/v7e-m+fp/hard\libc_nano.a(lib_a-exit.o)
 .text          0x0000000000000000        0x0 c:/st/stm32cubeide_1.8.0/stm32cubeide/plugins/com.st.stm32cube.ide.mcu.externaltools.gnu-tools-for-stm32.9-2020-q2-update.win32_2.0.0.202105311346/tools/bin/../lib/gcc/arm-none-eabi/9.3.1/../../../../arm-none-eabi/lib/thumb/v7e-m+fp/hard\libc_nano.a(lib_a-impure.o)
 .data          0x0000000000000000        0x0 c:/st/stm32cubeide_1.8.0/stm32cubeide/plugins/com.st.stm32cube.ide.mcu.externaltools.gnu-tools-for-stm32.9-2020-q2-update.win32_2.0.0.202105311346/tools/bin/../lib/gcc/arm-none-eabi/9.3.1/../../../../arm-none-eabi/lib/thumb/v7e-m+fp/hard\libc_nano.a(lib_a-impure.o)
 .bss           0x0000000000000000        0x0 c:/st/stm32cubeide_1.8.0/stm32cubeide/plugins/com.st.stm32cube.ide.mcu.externaltools.gnu-tools-for-stm32.9-2020-q2-update.win32_2.0.0.202105311346/tools/bin/../lib/gcc/arm-none-eabi/9.3.1/../../../../arm-none-eabi/lib/thumb/v7e-m+fp/hard\libc_nano.a(lib_a-impure.o)
 .data._impure_ptr
                0x0000000000000000        0x4 c:/st/stm32cubeide_1.8.0/stm32cubeide/plugins/com.st.stm32cube.ide.mcu.externaltools.gnu-tools-for-stm32.9-2020-q2-update.win32_2.0.0.202105311346/tools/bin/../lib/gcc/arm-none-eabi/9.3.1/../../../../arm-none-eabi/lib/thumb/v7e-m+fp/hard\libc_nano.a(lib_a-impure.o)
 .data.impure_data
                0x0000000000000000       0x60 c:/st/stm32cubeide_1.8.0/stm32cubeide/plugins/com.st.stm32cube.ide.mcu.externaltools.gnu-tools-for-stm32.9-2020-q2-update.win32_2.0.0.202105311346/tools/bin/../lib/gcc/arm-none-eabi/9.3.1/../../../../arm-none-eabi/lib/thumb/v7e-m+fp/hard\libc_nano.a(lib_a-impure.o)
 .rodata._global_impure_ptr
                0x0000000000000000        0x4 c:/st/stm32cubeide_1.8.0/stm32cubeide/plugins/com.st.stm32cube.ide.mcu.externaltools.gnu-tools-for-stm32.9-2020-q2-update.win32_2.0.0.202105311346/tools/bin/../lib/gcc/arm-none-eabi/9.3.1/../../../../arm-none-eabi/lib/thumb/v7e-m+fp/hard\libc_nano.a(lib_a-impure.o)
 .ARM.attributes
                0x0000000000000000       0x32 c:/st/stm32cubeide_1.8.0/stm32cubeide/plugins/com.st.stm32cube.ide.mcu.externaltools.gnu-tools-for-stm32.9-2020-q2-update.win32_2.0.0.202105311346/tools/bin/../lib/gcc/arm-none-eabi/9.3.1/../../../../arm-none-eabi/lib/thumb/v7e-m+fp/hard\libc_nano.a(lib_a-impure.o)
 .text          0x0000000000000000        0x0 c:/st/stm32cubeide_1.8.0/stm32cubeide/plugins/com.st.stm32cube.ide.mcu.externaltools.gnu-tools-for-stm32.9-2020-q2-update.win32_2.0.0.202105311346/tools/bin/../lib/gcc/arm-none-eabi/9.3.1/../../../../arm-none-eabi/lib/thumb/v7e-m+fp/hard\libc_nano.a(lib_a-init.o)
 .data          0x0000000000000000        0x0 c:/st/stm32cubeide_1.8.0/stm32cubeide/plugins/com.st.stm32cube.ide.mcu.externaltools.gnu-tools-for-stm32.9-2020-q2-update.win32_2.0.0.202105311346/tools/bin/../lib/gcc/arm-none-eabi/9.3.1/../../../../arm-none-eabi/lib/thumb/v7e-m+fp/hard\libc_nano.a(lib_a-init.o)
 .bss           0x0000000000000000        0x0 c:/st/stm32cubeide_1.8.0/stm32cubeide/plugins/com.st.stm32cube.ide.mcu.externaltools.gnu-tools-for-stm32.9-2020-q2-update.win32_2.0.0.202105311346/tools/bin/../lib/gcc/arm-none-eabi/9.3.1/../../../../arm-none-eabi/lib/thumb/v7e-m+fp/hard\libc_nano.a(lib_a-init.o)
 .text          0x0000000000000000        0x0 c:/st/stm32cubeide_1.8.0/stm32cubeide/plugins/com.st.stm32cube.ide.mcu.externaltools.gnu-tools-for-stm32.9-2020-q2-update.win32_2.0.0.202105311346/tools/bin/../lib/gcc/arm-none-eabi/9.3.1/../../../../arm-none-eabi/lib/thumb/v7e-m+fp/hard\libc_nano.a(lib_a-memset.o)
 .data          0x0000000000000000        0x0 c:/st/stm32cubeide_1.8.0/stm32cubeide/plugins/com.st.stm32cube.ide.mcu.externaltools.gnu-tools-for-stm32.9-2020-q2-update.win32_2.0.0.202105311346/tools/bin/../lib/gcc/arm-none-eabi/9.3.1/../../../../arm-none-eabi/lib/thumb/v7e-m+fp/hard\libc_nano.a(lib_a-memset.o)
 .bss           0x0000000000000000        0x0 c:/st/stm32cubeide_1.8.0/stm32cubeide/plugins/com.st.stm32cube.ide.mcu.externaltools.gnu-tools-for-stm32.9-2020-q2-update.win32_2.0.0.202105311346/tools/bin/../lib/gcc/arm-none-eabi/9.3.1/../../../../arm-none-eabi/lib/thumb/v7e-m+fp/hard\libc_nano.a(lib_a-memset.o)
 .text.memset   0x0000000000000000       0x10 c:/st/stm32cubeide_1.8.0/stm32cubeide/plugins/com.st.stm32cube.ide.mcu.externaltools.gnu-tools-for-stm32.9-2020-q2-update.win32_2.0.0.202105311346/tools/bin/../lib/gcc/arm-none-eabi/9.3.1/../../../../arm-none-eabi/lib/thumb/v7e-m+fp/hard\libc_nano.a(lib_a-memset.o)
 .debug_frame   0x0000000000000000       0x20 c:/st/stm32cubeide_1.8.0/stm32cubeide/plugins/com.st.stm32cube.ide.mcu.externaltools.gnu-tools-for-stm32.9-2020-q2-update.win32_2.0.0.202105311346/tools/bin/../lib/gcc/arm-none-eabi/9.3.1/../../../../arm-none-eabi/lib/thumb/v7e-m+fp/hard\libc_nano.a(lib_a-memset.o)
 .ARM.attributes
                0x0000000000000000       0x34 c:/st/stm32cubeide_1.8.0/stm32cubeide/plugins/com.st.stm32cube.ide.mcu.externaltools.gnu-tools-for-stm32.9-2020-q2-update.win32_2.0.0.202105311346/tools/bin/../lib/gcc/arm-none-eabi/9.3.1/../../../../arm-none-eabi/lib/thumb/v7e-m+fp/hard\libc_nano.a(lib_a-memset.o)
 .data          0x0000000000000000        0x0 c:/st/stm32cubeide_1.8.0/stm32cubeide/plugins/com.st.stm32cube.ide.mcu.externaltools.gnu-tools-for-stm32.9-2020-q2-update.win32_2.0.0.202105311346/tools/bin/../lib/gcc/arm-none-eabi/9.3.1/../../../../arm-none-eabi/lib/thumb/v7e-m+fp/hard\libc_nano.a(lib_a-strlen.o)
 .bss           0x0000000000000000        0x0 c:/st/stm32cubeide_1.8.0/stm32cubeide/plugins/com.st.stm32cube.ide.mcu.externaltools.gnu-tools-for-stm32.9-2020-q2-update.win32_2.0.0.202105311346/tools/bin/../lib/gcc/arm-none-eabi/9.3.1/../../../../arm-none-eabi/lib/thumb/v7e-m+fp/hard\libc_nano.a(lib_a-strlen.o)
 .text          0x0000000000000000        0x0 c:/st/stm32cubeide_1.8.0/stm32cubeide/plugins/com.st.stm32cube.ide.mcu.externaltools.gnu-tools-for-stm32.9-2020-q2-update.win32_2.0.0.202105311346/tools/bin/../lib/gcc/arm-none-eabi/9.3.1/thumb/v7e-m+fp/hard/crtend.o
 .data          0x0000000000000000        0x0 c:/st/stm32cubeide_1.8.0/stm32cubeide/plugins/com.st.stm32cube.ide.mcu.externaltools.gnu-tools-for-stm32.9-2020-q2-update.win32_2.0.0.202105311346/tools/bin/../lib/gcc/arm-none-eabi/9.3.1/thumb/v7e-m+fp/hard/crtend.o
 .bss           0x0000000000000000        0x0 c:/st/stm32cubeide_1.8.0/stm32cubeide/plugins/com.st.stm32cube.ide.mcu.externaltools.gnu-tools-for-stm32.9-2020-q2-update.win32_2.0.0.202105311346/tools/bin/../lib/gcc/arm-none-eabi/9.3.1/thumb/v7e-m+fp/hard/crtend.o
 .eh_frame      0x0000000000000000        0x4 c:/st/stm32cubeide_1.8.0/stm32cubeide/plugins/com.st.stm32cube.ide.mcu.externaltools.gnu-tools-for-stm32.9-2020-q2-update.win32_2.0.0.202105311346/tools/bin/../lib/gcc/arm-none-eabi/9.3.1/thumb/v7e-m+fp/hard/crtend.o
 .ARM.attributes
                0x0000000000000000       0x32 c:/st/stm32cubeide_1.8.0/stm32cubeide/plugins/com.st.stm32cube.ide.mcu.externaltools.gnu-tools-for-stm32.9-2020-q2-update.win32_2.0.0.202105311346/tools/bin/../lib/gcc/arm-none-eabi/9.3.1/thumb/v7e-m+fp/hard/crtend.o
 .text          0x0000000000000000        0x0 c:/st/stm32cubeide_1.8.0/stm32cubeide/plugins/com.st.stm32cube.ide.mcu.externaltools.gnu-tools-for-stm32.9-2020-q2-update.win32_2.0.0.202105311346/tools/bin/../lib/gcc/arm-none-eabi/9.3.1/thumb/v7e-m+fp/hard/crtn.o
 .data          0x0000000000000000        0x0 c:/st/stm32cubeide_1.8.0/stm32cubeide/plugins/com.st.stm32cube.ide.mcu.externaltools.gnu-tools-for-stm32.9-2020-q2-update.win32_2.0.0.202105311346/tools/bin/../lib/gcc/arm-none-eabi/9.3.1/thumb/v7e-m+fp/hard/crtn.o
 .bss           0x0000000000000000        0x0 c:/st/stm32cubeide_1.8.0/stm32cubeide/plugins/com.st.stm32cube.ide.mcu.externaltools.gnu-tools-for-stm32.9-2020-q2-update.win32_2.0.0.202105311346/tools/bin/../lib/gcc/arm-none-eabi/9.3.1/thumb/v7e-m+fp/hard/crtn.o

Memory Configuration

Name             Origin             Length             Attributes
RAM              0x0000000020000000 0x0000000000020000 xrw
FLASH            0x0000000008000000 0x0000000000080000 xr
*default*        0x0000000000000000 0xffffffffffffffff

Linker script and memory map

LOAD c:/st/stm32cubeide_1.8.0/stm32cubeide/plugins/com.st.stm32cube.ide.mcu.externaltools.gnu-tools-for-stm32.9-2020-q2-update.win32_2.0.0.202105311346/tools/bin/../lib/gcc/arm-none-eabi/9.3.1/thumb/v7e-m+fp/hard/crti.o
LOAD c:/st/stm32cubeide_1.8.0/stm32cubeide/plugins/com.st.stm32cube.ide.mcu.externaltools.gnu-tools-for-stm32.9-2020-q2-update.win32_2.0.0.202105311346/tools/bin/../lib/gcc/arm-none-eabi/9.3.1/thumb/v7e-m+fp/hard/crtbegin.o
LOAD c:/st/stm32cubeide_1.8.0/stm32cubeide/plugins/com.st.stm32cube.ide.mcu.externaltools.gnu-tools-for-stm32.9-2020-q2-update.win32_2.0.0.202105311346/tools/bin/../lib/gcc/arm-none-eabi/9.3.1/../../../../arm-none-eabi/lib/thumb/v7e-m+fp/hard/crt0.o
LOAD ./Src/014_i2c_slave_tx_string2.o
LOAD ./Src/syscalls.o
LOAD ./Src/sysmem.o
LOAD ./Startup/startup_stm32f446retx.o
LOAD ./drivers/Src/stm32f446xx_gpio_driver.o
LOAD ./drivers/Src/stm32f446xx_i2c_driver.o
LOAD ./drivers/Src/stm32f446xx_spi_driver.o
START GROUP
LOAD c:/st/stm32cubeide_1.8.0/stm32cubeide/plugins/com.st.stm32cube.ide.mcu.externaltools.gnu-tools-for-stm32.9-2020-q2-update.win32_2.0.0.202105311346/tools/bin/../lib/gcc/arm-none-eabi/9.3.1/../../../../arm-none-eabi/lib/thumb/v7e-m+fp/hard\libc_nano.a
LOAD c:/st/stm32cubeide_1.8.0/stm32cubeide/plugins/com.st.stm32cube.ide.mcu.externaltools.gnu-tools-for-stm32.9-2020-q2-update.win32_2.0.0.202105311346/tools/bin/../lib/gcc/arm-none-eabi/9.3.1/../../../../arm-none-eabi/lib/thumb/v7e-m+fp/hard\libm.a
END GROUP
START GROUP
LOAD c:/st/stm32cubeide_1.8.0/stm32cubeide/plugins/com.st.stm32cube.ide.mcu.externaltools.gnu-tools-for-stm32.9-2020-q2-update.win32_2.0.0.202105311346/tools/bin/../lib/gcc/arm-none-eabi/9.3.1/thumb/v7e-m+fp/hard\libgcc.a
LOAD c:/st/stm32cubeide_1.8.0/stm32cubeide/plugins/com.st.stm32cube.ide.mcu.externaltools.gnu-tools-for-stm32.9-2020-q2-update.win32_2.0.0.202105311346/tools/bin/../lib/gcc/arm-none-eabi/9.3.1/../../../../arm-none-eabi/lib/thumb/v7e-m+fp/hard\libc_nano.a
END GROUP
START GROUP
LOAD c:/st/stm32cubeide_1.8.0/stm32cubeide/plugins/com.st.stm32cube.ide.mcu.externaltools.gnu-tools-for-stm32.9-2020-q2-update.win32_2.0.0.202105311346/tools/bin/../lib/gcc/arm-none-eabi/9.3.1/thumb/v7e-m+fp/hard\libgcc.a
LOAD c:/st/stm32cubeide_1.8.0/stm32cubeide/plugins/com.st.stm32cube.ide.mcu.externaltools.gnu-tools-for-stm32.9-2020-q2-update.win32_2.0.0.202105311346/tools/bin/../lib/gcc/arm-none-eabi/9.3.1/../../../../arm-none-eabi/lib/thumb/v7e-m+fp/hard\libc_nano.a
LOAD c:/st/stm32cubeide_1.8.0/stm32cubeide/plugins/com.st.stm32cube.ide.mcu.externaltools.gnu-tools-for-stm32.9-2020-q2-update.win32_2.0.0.202105311346/tools/bin/../lib/gcc/arm-none-eabi/9.3.1/../../../../arm-none-eabi/lib/thumb/v7e-m+fp/hard\libnosys.a
END GROUP
START GROUP
LOAD c:/st/stm32cubeide_1.8.0/stm32cubeide/plugins/com.st.stm32cube.ide.mcu.externaltools.gnu-tools-for-stm32.9-2020-q2-update.win32_2.0.0.202105311346/tools/bin/../lib/gcc/arm-none-eabi/9.3.1/thumb/v7e-m+fp/hard\libgcc.a
LOAD c:/st/stm32cubeide_1.8.0/stm32cubeide/plugins/com.st.stm32cube.ide.mcu.externaltools.gnu-tools-for-stm32.9-2020-q2-update.win32_2.0.0.202105311346/tools/bin/../lib/gcc/arm-none-eabi/9.3.1/../../../../arm-none-eabi/lib/thumb/v7e-m+fp/hard\libc_nano.a
LOAD c:/st/stm32cubeide_1.8.0/stm32cubeide/plugins/com.st.stm32cube.ide.mcu.externaltools.gnu-tools-for-stm32.9-2020-q2-update.win32_2.0.0.202105311346/tools/bin/../lib/gcc/arm-none-eabi/9.3.1/../../../../arm-none-eabi/lib/thumb/v7e-m+fp/hard\libnosys.a
END GROUP
LOAD c:/st/stm32cubeide_1.8.0/stm32cubeide/plugins/com.st.stm32cube.ide.mcu.externaltools.gnu-tools-for-stm32.9-2020-q2-update.win32_2.0.0.202105311346/tools/bin/../lib/gcc/arm-none-eabi/9.3.1/thumb/v7e-m+fp/hard/crtend.o
LOAD c:/st/stm32cubeide_1.8.0/stm32cubeide/plugins/com.st.stm32cube.ide.mcu.externaltools.gnu-tools-for-stm32.9-2020-q2-update.win32_2.0.0.202105311346/tools/bin/../lib/gcc/arm-none-eabi/9.3.1/thumb/v7e-m+fp/hard/crtn.o
                0x0000000020020000                _estack = (ORIGIN (RAM) + LENGTH (RAM))
                0x0000000000000200                _Min_Heap_Size = 0x200
                0x0000000000000400                _Min_Stack_Size = 0x400

.isr_vector     0x0000000008000000      0x1c4
                0x0000000008000000                . = ALIGN (0x4)
 *(.isr_vector)
 .isr_vector    0x0000000008000000      0x1c4 ./Startup/startup_stm32f446retx.o
                0x0000000008000000                g_pfnVectors
                0x00000000080001c4                . = ALIGN (0x4)

.text           0x00000000080001c4     0x10a8
                0x00000000080001c4                . = ALIGN (0x4)
 *(.text)
 .text          0x00000000080001c4       0x40 c:/st/stm32cubeide_1.8.0/stm32cubeide/plugins/com.st.stm32cube.ide.mcu.externaltools.gnu-tools-for-stm32.9-2020-q2-update.win32_2.0.0.202105311346/tools/bin/../lib/gcc/arm-none-eabi/9.3.1/thumb/v7e-m+fp/hard/crtbegin.o
 .text          0x0000000008000204       0x10 c:/st/stm32cubeide_1.8.0/stm32cubeide/plugins/com.st.stm32cube.ide.mcu.externaltools.gnu-tools-for-stm32.9-2020-q2-update.win32_2.0.0.202105311346/tools/bin/../lib/gcc/arm-none-eabi/9.3.1/../../../../arm-none-eabi/lib/thumb/v7e-m+fp/hard\libc_nano.a(lib_a-strlen.o)
                0x0000000008000204                strlen
 *(.text*)
 .text.I2C1_GPIOInits
                0x0000000008000214       0x44 ./Src/014_i2c_slave_tx_string2.o
                0x0000000008000214                I2C1_GPIOInits
 .text.I2C1_Inits
                0x0000000008000258       0x38 ./Src/014_i2c_slave_tx_string2.o
                0x0000000008000258                I2C1_Inits
 .text.GPIO_ButtonInit
                0x0000000008000290       0x30 ./Src/014_i2c_slave_tx_string2.o
                0x0000000008000290                GPIO_ButtonInit
 .text.main     0x00000000080002c0       0x54 ./Src/014_i2c_slave_tx_string2.o
                0x00000000080002c0                main
 .text.I2C_ApplicationEventCallback
                0x0000000008000314       0xd8 ./Src/014_i2c_slave_tx_string2.o
                0x0000000008000314                I2C_ApplicationEventCallback
 .text.I2C1_EV_IRQHandler
                0x00000000080003ec       0x14 ./Src/014_i2c_slave_tx_string2.o
                0x00000000080003ec                I2C1_EV_IRQHandler
 .text.I2C1_ER_IRQHandler
                0x0000000008000400       0x14 ./Src/014_i2c_slave_tx_string2.o
                0x0000000008000400                I2C1_ER_IRQHandler
 .text.Reset_Handler
                0x0000000008000414       0x50 ./Startup/startup_stm32f446retx.o
                0x0000000008000414                Reset_Handler
 .text.Default_Handler
                0x0000000008000464        0x2 ./Startup/startup_stm32f446retx.o
                0x0000000008000464                RTC_Alarm_IRQHandler
                0x0000000008000464                EXTI2_IRQHandler
                0x0000000008000464                TIM8_CC_IRQHandler
                0x0000000008000464                SPDIF_Rx_IRQHandler
                0x0000000008000464                DebugMon_Handler
                0x0000000008000464                SPI4_IRQHandler
                0x0000000008000464                TIM1_CC_IRQHandler
                0x0000000008000464                QuadSPI_IRQHandler
                0x0000000008000464                DMA2_Stream5_IRQHandler
                0x0000000008000464                HardFault_Handler
                0x0000000008000464                DMA1_Stream5_IRQHandler
                0x0000000008000464                SysTick_Handler
                0x0000000008000464                PVD_IRQHandler
                0x0000000008000464                SDIO_IRQHandler
                0x0000000008000464                TAMP_STAMP_IRQHandler
                0x0000000008000464                PendSV_Handler
                0x0000000008000464                NMI_Handler
                0x0000000008000464                CAN2_RX1_IRQHandler
                0x0000000008000464                EXTI3_IRQHandler
                0x0000000008000464                TIM8_TRG_COM_TIM14_IRQHandler
                0x0000000008000464                TIM1_UP_TIM10_IRQHandler
                0x0000000008000464                FMPI2C1_error_IRQHandler
                0x0000000008000464                TIM8_UP_TIM13_IRQHandler
                0x0000000008000464                I2C3_ER_IRQHandler
                0x0000000008000464                EXTI0_IRQHandler
                0x0000000008000464                I2C2_EV_IRQHandler
                0x0000000008000464                DMA1_Stream2_IRQHandler
                0x0000000008000464                CAN1_RX0_IRQHandler
                0x0000000008000464                FPU_IRQHandler
                0x0000000008000464                OTG_HS_WKUP_IRQHandler
                0x0000000008000464                UsageFault_Handler
                0x0000000008000464                CAN2_SCE_IRQHandler
                0x0000000008000464                DMA2_Stream2_IRQHandler
                0x0000000008000464                SPI1_IRQHandler
                0x0000000008000464                TIM6_DAC_IRQHandler
                0x0000000008000464                TIM1_BRK_TIM9_IRQHandler
                0x0000000008000464                DCMI_IRQHandler
                0x0000000008000464                CAN2_RX0_IRQHandler
                0x0000000008000464                DMA2_Stream3_IRQHandler
                0x0000000008000464                FMPI2C1_IRQHandler
                0x0000000008000464                SAI2_IRQHandler
                0x0000000008000464                USART6_IRQHandler
                0x0000000008000464                USART3_IRQHandler
                0x0000000008000464                CAN1_RX1_IRQHandler
                0x0000000008000464                UART5_IRQHandler
                0x0000000008000464                DMA2_Stream0_IRQHandler
                0x0000000008000464                TIM4_IRQHandler
                0x0000000008000464                HDMI_CEC_IRQHandler
                0x0000000008000464                DMA1_Stream6_IRQHandler
                0x0000000008000464                DMA1_Stream1_IRQHandler
                0x0000000008000464                UART4_IRQHandler
                0x0000000008000464                TIM3_IRQHandler
                0x0000000008000464                RCC_IRQHandler
                0x0000000008000464                TIM8_BRK_TIM12_IRQHandler
                0x0000000008000464                Default_Handler
                0x0000000008000464                EXTI15_10_IRQHandler
                0x0000000008000464                ADC_IRQHandler
                0x0000000008000464                DMA1_Stream7_IRQHandler
                0x0000000008000464                TIM7_IRQHandler
                0x0000000008000464                CAN2_TX_IRQHandler
                0x0000000008000464                TIM5_IRQHandler
                0x0000000008000464                DMA2_Stream7_IRQHandler
                0x0000000008000464                I2C3_EV_IRQHandler
                0x0000000008000464                EXTI9_5_IRQHandler
                0x0000000008000464                RTC_WKUP_IRQHandler
                0x0000000008000464                SPI2_IRQHandler
                0x0000000008000464                OTG_HS_EP1_IN_IRQHandler
                0x0000000008000464                MemManage_Handler
                0x0000000008000464                DMA1_Stream0_IRQHandler
                0x0000000008000464                CAN1_TX_IRQHandler
                0x0000000008000464                SVC_Handler
                0x0000000008000464                EXTI4_IRQHandler
                0x0000000008000464                OTG_HS_EP1_OUT_IRQHandler
                0x0000000008000464                WWDG_IRQHandler
                0x0000000008000464                TIM2_IRQHandler
                0x0000000008000464                OTG_FS_WKUP_IRQHandler
                0x0000000008000464                TIM1_TRG_COM_TIM11_IRQHandler
                0x0000000008000464                OTG_HS_IRQHandler
                0x0000000008000464                EXTI1_IRQHandler
                0x0000000008000464                USART2_IRQHandler
                0x0000000008000464                I2C2_ER_IRQHandler
                0x0000000008000464                DMA2_Stream1_IRQHandler
                0x0000000008000464                CAN1_SCE_IRQHandler
                0x0000000008000464                FLASH_IRQHandler
                0x0000000008000464                DMA2_Stream4_IRQHandler
                0x0000000008000464                BusFault_Handler
                0x0000000008000464                USART1_IRQHandler
                0x0000000008000464                OTG_FS_IRQHandler
                0x0000000008000464                SPI3_IRQHandler
                0x0000000008000464                DMA1_Stream4_IRQHandler
                0x0000000008000464                FMC_IRQHandler
                0x0000000008000464                DMA2_Stream6_IRQHandler
                0x0000000008000464                SAI1_IRQHandler
                0x0000000008000464                DMA1_Stream3_IRQHandler
 *fill*         0x0000000008000466        0x2 
 .text.GPIO_PeriClockControl
                0x0000000008000468      0x1a0 ./drivers/Src/stm32f446xx_gpio_driver.o
                0x0000000008000468                GPIO_PeriClockControl
 .text.GPIO_Init
                0x0000000008000608      0x330 ./drivers/Src/stm32f446xx_gpio_driver.o
                0x0000000008000608                GPIO_Init
 .text.I2C_ExecuteAddressPhaseWrite
                0x0000000008000938       0x2c ./drivers/Src/stm32f446xx_i2c_driver.o
 .text.I2C_ExecuteAddressPhaseRead
                0x0000000008000964       0x2c ./drivers/Src/stm32f446xx_i2c_driver.o
 .text.I2C_ClearADDRFlag
                0x0000000008000990       0x6e ./drivers/Src/stm32f446xx_i2c_driver.o
 .text.I2C_MasterHandleTXEInterrupt
                0x00000000080009fe       0x3c ./drivers/Src/stm32f446xx_i2c_driver.o
 .text.I2C_MasterHandleRXNEInterrupt
                0x0000000008000a3a       0x98 ./drivers/Src/stm32f446xx_i2c_driver.o
 *fill*         0x0000000008000ad2        0x2 
 .text.I2C_PeriClockControl
                0x0000000008000ad4       0x70 ./drivers/Src/stm32f446xx_i2c_driver.o
                0x0000000008000ad4                I2C_PeriClockControl
 .text.I2C_Init
                0x0000000008000b44      0x124 ./drivers/Src/stm32f446xx_i2c_driver.o
                0x0000000008000b44                I2C_Init
 .text.I2C_CloseReceiveData
                0x0000000008000c68       0x5c ./drivers/Src/stm32f446xx_i2c_driver.o
                0x0000000008000c68                I2C_CloseReceiveData
 .text.I2C_CloseSendData
                0x0000000008000cc4       0x46 ./drivers/Src/stm32f446xx_i2c_driver.o
                0x0000000008000cc4                I2C_CloseSendData
 .text.I2C_SlaveSendData
                0x0000000008000d0a       0x1e ./drivers/Src/stm32f446xx_i2c_driver.o
                0x0000000008000d0a                I2C_SlaveSendData
 .text.I2C_SlaveReceiveData
                0x0000000008000d28       0x1a ./drivers/Src/stm32f446xx_i2c_driver.o
                0x0000000008000d28                I2C_SlaveReceiveData
 *fill*         0x0000000008000d42        0x2 
 .text.I2C_IRQInterruptConfig
                0x0000000008000d44      0x10c ./drivers/Src/stm32f446xx_i2c_driver.o
                0x0000000008000d44                I2C_IRQInterruptConfig
 .text.I2C_EV_IRQHandling
                0x0000000008000e50      0x1b8 ./drivers/Src/stm32f446xx_i2c_driver.o
                0x0000000008000e50                I2C_EV_IRQHandling
 .text.I2C_ER_IRQHandling
                0x0000000008001008      0x10c ./drivers/Src/stm32f446xx_i2c_driver.o
                0x0000000008001008                I2C_ER_IRQHandling
 .text.I2C_PeripheralControl
                0x0000000008001114       0x38 ./drivers/Src/stm32f446xx_i2c_driver.o
                0x0000000008001114                I2C_PeripheralControl
 .text.I2C_ManageAcking
                0x000000000800114c       0x38 ./drivers/Src/stm32f446xx_i2c_driver.o
                0x000000000800114c                I2C_ManageAcking
 .text.I2C_GenerateStopCondition
                0x0000000008001184       0x20 ./drivers/Src/stm32f446xx_i2c_driver.o
                0x0000000008001184                I2C_GenerateStopCondition
 .text.I2C_SlaveEnableDisableCallbackEvents
                0x00000000080011a4       0x68 ./drivers/Src/stm32f446xx_i2c_driver.o
                0x00000000080011a4                I2C_SlaveEnableDisableCallbackEvents
 .text.__libc_init_array
                0x000000000800120c       0x48 c:/st/stm32cubeide_1.8.0/stm32cubeide/plugins/com.st.stm32cube.ide.mcu.externaltools.gnu-tools-for-stm32.9-2020-q2-update.win32_2.0.0.202105311346/tools/bin/../lib/gcc/arm-none-eabi/9.3.1/../../../../arm-none-eabi/lib/thumb/v7e-m+fp/hard\libc_nano.a(lib_a-init.o)
                0x000000000800120c                __libc_init_array
 *(.glue_7)
 .glue_7        0x0000000008001254        0x0 linker stubs
 *(.glue_7t)
 .glue_7t       0x0000000008001254        0x0 linker stubs
 *(.eh_frame)
 .eh_frame      0x0000000008001254        0x0 c:/st/stm32cubeide_1.8.0/stm32cubeide/plugins/com.st.stm32cube.ide.mcu.externaltools.gnu-tools-for-stm32.9-2020-q2-update.win32_2.0.0.202105311346/tools/bin/../lib/gcc/arm-none-eabi/9.3.1/thumb/v7e-m+fp/hard/crtbegin.o
 *(.init)
 .init          0x0000000008001254        0x4 c:/st/stm32cubeide_1.8.0/stm32cubeide/plugins/com.st.stm32cube.ide.mcu.externaltools.gnu-tools-for-stm32.9-2020-q2-update.win32_2.0.0.202105311346/tools/bin/../lib/gcc/arm-none-eabi/9.3.1/thumb/v7e-m+fp/hard/crti.o
                0x0000000008001254                _init
 .init          0x0000000008001258        0x8 c:/st/stm32cubeide_1.8.0/stm32cubeide/plugins/com.st.stm32cube.ide.mcu.externaltools.gnu-tools-for-stm32.9-2020-q2-update.win32_2.0.0.202105311346/tools/bin/../lib/gcc/arm-none-eabi/9.3.1/thumb/v7e-m+fp/hard/crtn.o
 *(.fini)
 .fini          0x0000000008001260        0x4 c:/st/stm32cubeide_1.8.0/stm32cubeide/plugins/com.st.stm32cube.ide.mcu.externaltools.gnu-tools-for-stm32.9-2020-q2-update.win32_2.0.0.202105311346/tools/bin/../lib/gcc/arm-none-eabi/9.3.1/thumb/v7e-m+fp/hard/crti.o
                0x0000000008001260                _fini
 .fini          0x0000000008001264        0x8 c:/st/stm32cubeide_1.8.0/stm32cubeide/plugins/com.st.stm32cube.ide.mcu.externaltools.gnu-tools-for-stm32.9-2020-q2-update.win32_2.0.0.202105311346/tools/bin/../lib/gcc/arm-none-eabi/9.3.1/thumb/v7e-m+fp/hard/crtn.o
                0x000000000800126c                . = ALIGN (0x4)
                0x000000000800126c                _etext = .

.vfp11_veneer   0x000000000800126c        0x0
 .vfp11_veneer  0x000000000800126c        0x0 linker stubs

.v4_bx          0x000000000800126c        0x0
 .v4_bx         0x000000000800126c        0x0 linker stubs

.iplt           0x000000000800126c        0x0
 .iplt          0x000000000800126c        0x0 c:/st/stm32cubeide_1.8.0/stm32cubeide/plugins/com.st.stm32cube.ide.mcu.externaltools.gnu-tools-for-stm32.9-2020-q2-update.win32_2.0.0.202105311346/tools/bin/../lib/gcc/arm-none-eabi/9.3.1/thumb/v7e-m+fp/hard/crtbegin.o

.rel.dyn        0x000000000800126c        0x0
 .rel.iplt      0x000000000800126c        0x0 c:/st/stm32cubeide_1.8.0/stm32cubeide/plugins/com.st.stm32cube.ide.mcu.externaltools.gnu-tools-for-stm32.9-2020-q2-update.win32_2.0.0.202105311346/tools/bin/../lib/gcc/arm-none-eabi/9.3.1/thumb/v7e-m+fp/hard/crtbegin.o

.rodata         0x000000000800126c        0x0
                0x000000000800126c                . = ALIGN (0x4)
 *(.rodata)
 *(.rodata*)
                0x000000000800126c                . = ALIGN (0x4)

.ARM.extab      0x000000000800126c        0x0
                0x000000000800126c                . = ALIGN (0x4)
 *(.ARM.extab* .gnu.linkonce.armextab.*)
                0x000000000800126c                . = ALIGN (0x4)

.ARM            0x000000000800126c        0x0
                0x000000000800126c                . = ALIGN (0x4)
                0x000000000800126c                __exidx_start = .
 *(.ARM.exidx*)
                0x000000000800126c                __exidx_end = .
                0x000000000800126c                . = ALIGN (0x4)

.preinit_array  0x000000000800126c        0x0
                0x000000000800126c                . = ALIGN (0x4)
                0x000000000800126c                PROVIDE (__preinit_array_start = .)
 *(.preinit_array*)
                0x000000000800126c                PROVIDE (__preinit_array_end = .)
                0x000000000800126c                . = ALIGN (0x4)

.init_array     0x000000000800126c        0x4
                0x000000000800126c                . = ALIGN (0x4)
                0x000000000800126c                PROVIDE (__init_array_start = .)
 *(SORT_BY_NAME(.init_array.*))
 *(.init_array*)
 .init_array    0x000000000800126c        0x4 c:/st/stm32cubeide_1.8.0/stm32cubeide/plugins/com.st.stm32cube.ide.mcu.externaltools.gnu-tools-for-stm32.9-2020-q2-update.win32_2.0.0.202105311346/tools/bin/../lib/gcc/arm-none-eabi/9.3.1/thumb/v7e-m+fp/hard/crtbegin.o
                0x0000000008001270                PROVIDE (__init_array_end = .)
                0x0000000008001270                . = ALIGN (0x4)

.fini_array     0x0000000008001270        0x4
                0x0000000008001270                . = ALIGN (0x4)
                [!provide]                        PROVIDE (__fini_array_start = .)
 *(SORT_BY_NAME(.fini_array.*))
 *(.fini_array*)
 .fini_array    0x0000000008001270        0x4 c:/st/stm32cubeide_1.8.0/stm32cubeide/plugins/com.st.stm32cube.ide.mcu.externaltools.gnu-tools-for-stm32.9-2020-q2-update.win32_2.0.0.202105311346/tools/bin/../lib/gcc/arm-none-eabi/9.3.1/thumb/v7e-m+fp/hard/crtbegin.o
                [!provide]                        PROVIDE (__fini_array_end = .)
                0x0000000008001274                . = ALIGN (0x4)
                0x0000000008001274                _sidata = LOADADDR (.data)

.data           0x0000000020000000      0x198 load address 0x0000000008001274
                0x0000000020000000                . = ALIGN (0x4)
                0x0000000020000000                _sdata = .
 *(.data)
 *(.data*)
 .data.Tx_buf   0x0000000020000000      0x197 ./Src/014_i2c_slave_tx_string2.o
                0x0000000020000000                Tx_buf
 *(.RamFunc)
 *(.RamFunc*)
                0x0000000020000198                . = ALIGN (0x4)
 *fill*         0x0000000020000197        0x1 
                0x0000000020000198                _edata = .

.igot.plt       0x0000000020000198        0x0 load address 0x000000000800140c
 .igot.plt      0x0000000020000198        0x0 c:/st/stm32cubeide_1.8.0/stm32cubeide/plugins/com.st.stm32cube.ide.mcu.externaltools.gnu-tools-for-stm32.9-2020-q2-update.win32_2.0.0.202105311346/tools/bin/../lib/gcc/arm-none-eabi/9.3.1/thumb/v7e-m+fp/hard/crtbegin.o
                0x0000000020000198                . = ALIGN (0x4)

.bss            0x0000000020000198       0x74 load address 0x000000000800140c
                0x0000000020000198                _sbss = .
                0x0000000020000198                __bss_start__ = _sbss
 *(.bss)
 .bss           0x0000000020000198       0x1c c:/st/stm32cubeide_1.8.0/stm32cubeide/plugins/com.st.stm32cube.ide.mcu.externaltools.gnu-tools-for-stm32.9-2020-q2-update.win32_2.0.0.202105311346/tools/bin/../lib/gcc/arm-none-eabi/9.3.1/thumb/v7e-m+fp/hard/crtbegin.o
 *(.bss*)
 .bss.data_len  0x00000000200001b4        0x4 ./Src/014_i2c_slave_tx_string2.o
                0x00000000200001b4                data_len
 .bss.cnt.7110  0x00000000200001b8        0x4 ./Src/014_i2c_slave_tx_string2.o
 .bss.w_ptr.7111
                0x00000000200001bc        0x4 ./Src/014_i2c_slave_tx_string2.o
 *(COMMON)
 COMMON         0x00000000200001c0       0x4c ./Src/014_i2c_slave_tx_string2.o
                0x00000000200001c0                I2C1Handle
                0x00000000200001e8                CommandCode
                0x00000000200001ec                rcv_buf
                0x000000002000020c                . = ALIGN (0x4)
                0x000000002000020c                _ebss = .
                0x000000002000020c                __bss_end__ = _ebss

._user_heap_stack
                0x000000002000020c      0x604 load address 0x000000000800140c
                0x0000000020000210                . = ALIGN (0x8)
 *fill*         0x000000002000020c        0x4 
                [!provide]                        PROVIDE (end = .)
                0x0000000020000210                PROVIDE (_end = .)
                0x0000000020000410                . = (. + _Min_Heap_Size)
 *fill*         0x0000000020000210      0x200 
                0x0000000020000810                . = (. + _Min_Stack_Size)
 *fill*         0x0000000020000410      0x400 
                0x0000000020000810                . = ALIGN (0x8)

/DISCARD/
 libc.a(*)
 libm.a(*)
 libgcc.a(*)

.ARM.attributes
                0x0000000000000000       0x30
 *(.ARM.attributes)
 .ARM.attributes
                0x0000000000000000       0x1e c:/st/stm32cubeide_1.8.0/stm32cubeide/plugins/com.st.stm32cube.ide.mcu.externaltools.gnu-tools-for-stm32.9-2020-q2-update.win32_2.0.0.202105311346/tools/bin/../lib/gcc/arm-none-eabi/9.3.1/thumb/v7e-m+fp/hard/crti.o
 .ARM.attributes
                0x000000000000001e       0x34 c:/st/stm32cubeide_1.8.0/stm32cubeide/plugins/com.st.stm32cube.ide.mcu.externaltools.gnu-tools-for-stm32.9-2020-q2-update.win32_2.0.0.202105311346/tools/bin/../lib/gcc/arm-none-eabi/9.3.1/thumb/v7e-m+fp/hard/crtbegin.o
 .ARM.attributes
                0x0000000000000052       0x34 ./Src/014_i2c_slave_tx_string2.o
 .ARM.attributes
                0x0000000000000086       0x21 ./Startup/startup_stm32f446retx.o
 .ARM.attributes
                0x00000000000000a7       0x34 ./drivers/Src/stm32f446xx_gpio_driver.o
 .ARM.attributes
                0x00000000000000db       0x34 ./drivers/Src/stm32f446xx_i2c_driver.o
 .ARM.attributes
                0x000000000000010f       0x34 c:/st/stm32cubeide_1.8.0/stm32cubeide/plugins/com.st.stm32cube.ide.mcu.externaltools.gnu-tools-for-stm32.9-2020-q2-update.win32_2.0.0.202105311346/tools/bin/../lib/gcc/arm-none-eabi/9.3.1/../../../../arm-none-eabi/lib/thumb/v7e-m+fp/hard\libc_nano.a(lib_a-init.o)
 .ARM.attributes
                0x0000000000000143       0x17 c:/st/stm32cubeide_1.8.0/stm32cubeide/plugins/com.st.stm32cube.ide.mcu.externaltools.gnu-tools-for-stm32.9-2020-q2-update.win32_2.0.0.202105311346/tools/bin/../lib/gcc/arm-none-eabi/9.3.1/../../../../arm-none-eabi/lib/thumb/v7e-m+fp/hard\libc_nano.a(lib_a-strlen.o)
 .ARM.attributes
                0x000000000000015a       0x1e c:/st/stm32cubeide_1.8.0/stm32cubeide/plugins/com.st.stm32cube.ide.mcu.externaltools.gnu-tools-for-stm32.9-2020-q2-update.win32_2.0.0.202105311346/tools/bin/../lib/gcc/arm-none-eabi/9.3.1/thumb/v7e-m+fp/hard/crtn.o
OUTPUT(MasterMCU_DriversDev.elf elf32-littlearm)
LOAD linker stubs
LOAD c:/st/stm32cubeide_1.8.0/stm32cubeide/plugins/com.st.stm32cube.ide.mcu.externaltools.gnu-tools-for-stm32.9-2020-q2-update.win32_2.0.0.202105311346/tools/bin/../lib/gcc/arm-none-eabi/9.3.1/../../../../arm-none-eabi/lib/thumb/v7e-m+fp/hard\libc.a
LOAD c:/st/stm32cubeide_1.8.0/stm32cubeide/plugins/com.st.stm32cube.ide.mcu.externaltools.gnu-tools-for-stm32.9-2020-q2-update.win32_2.0.0.202105311346/tools/bin/../lib/gcc/arm-none-eabi/9.3.1/../../../../arm-none-eabi/lib/thumb/v7e-m+fp/hard\libm.a
LOAD c:/st/stm32cubeide_1.8.0/stm32cubeide/plugins/com.st.stm32cube.ide.mcu.externaltools.gnu-tools-for-stm32.9-2020-q2-update.win32_2.0.0.202105311346/tools/bin/../lib/gcc/arm-none-eabi/9.3.1/thumb/v7e-m+fp/hard\libgcc.a

.debug_info     0x0000000000000000     0x206c
 .debug_info    0x0000000000000000      0xda8 ./Src/014_i2c_slave_tx_string2.o
 .debug_info    0x0000000000000da8       0x22 ./Startup/startup_stm32f446retx.o
 .debug_info    0x0000000000000dca      0x7e3 ./drivers/Src/stm32f446xx_gpio_driver.o
 .debug_info    0x00000000000015ad      0xabf ./drivers/Src/stm32f446xx_i2c_driver.o

.debug_abbrev   0x0000000000000000      0x5c6
 .debug_abbrev  0x0000000000000000      0x232 ./Src/014_i2c_slave_tx_string2.o
 .debug_abbrev  0x0000000000000232       0x12 ./Startup/startup_stm32f446retx.o
 .debug_abbrev  0x0000000000000244      0x173 ./drivers/Src/stm32f446xx_gpio_driver.o
 .debug_abbrev  0x00000000000003b7      0x20f ./drivers/Src/stm32f446xx_i2c_driver.o

.debug_aranges  0x0000000000000000      0x1d0
 .debug_aranges
                0x0000000000000000       0x58 ./Src/014_i2c_slave_tx_string2.o
 .debug_aranges
                0x0000000000000058       0x28 ./Startup/startup_stm32f446retx.o
 .debug_aranges
                0x0000000000000080       0x70 ./drivers/Src/stm32f446xx_gpio_driver.o
 .debug_aranges
                0x00000000000000f0       0xe0 ./drivers/Src/stm32f446xx_i2c_driver.o

.debug_ranges   0x0000000000000000      0x198
 .debug_ranges  0x0000000000000000       0x48 ./Src/014_i2c_slave_tx_string2.o
 .debug_ranges  0x0000000000000048       0x20 ./Startup/startup_stm32f446retx.o
 .debug_ranges  0x0000000000000068       0x60 ./drivers/Src/stm32f446xx_gpio_driver.o
 .debug_ranges  0x00000000000000c8       0xd0 ./drivers/Src/stm32f446xx_i2c_driver.o

.debug_macro    0x0000000000000000     0x2a24
 .debug_macro   0x0000000000000000      0x238 ./Src/014_i2c_slave_tx_string2.o
 .debug_macro   0x0000000000000238      0xab4 ./Src/014_i2c_slave_tx_string2.o
 .debug_macro   0x0000000000000cec       0x22 ./Src/014_i2c_slave_tx_string2.o
 .debug_macro   0x0000000000000d0e       0x4c ./Src/014_i2c_slave_tx_string2.o
 .debug_macro   0x0000000000000d5a       0x18 ./Src/014_i2c_slave_tx_string2.o
 .debug_macro   0x0000000000000d72       0x94 ./Src/014_i2c_slave_tx_string2.o
 .debug_macro   0x0000000000000e06       0x3c ./Src/014_i2c_slave_tx_string2.o
 .debug_macro   0x0000000000000e42       0x34 ./Src/014_i2c_slave_tx_string2.o
 .debug_macro   0x0000000000000e76       0x16 ./Src/014_i2c_slave_tx_string2.o
 .debug_macro   0x0000000000000e8c       0x57 ./Src/014_i2c_slave_tx_string2.o
 .debug_macro   0x0000000000000ee3       0x97 ./Src/014_i2c_slave_tx_string2.o
 .debug_macro   0x0000000000000f7a      0x339 ./Src/014_i2c_slave_tx_string2.o
 .debug_macro   0x00000000000012b3       0xfd ./Src/014_i2c_slave_tx_string2.o
 .debug_macro   0x00000000000013b0       0x10 ./Src/014_i2c_slave_tx_string2.o
 .debug_macro   0x00000000000013c0       0x16 ./Src/014_i2c_slave_tx_string2.o
 .debug_macro   0x00000000000013d6       0x43 ./Src/014_i2c_slave_tx_string2.o
 .debug_macro   0x0000000000001419       0x34 ./Src/014_i2c_slave_tx_string2.o
 .debug_macro   0x000000000000144d       0x10 ./Src/014_i2c_slave_tx_string2.o
 .debug_macro   0x000000000000145d       0x58 ./Src/014_i2c_slave_tx_string2.o
 .debug_macro   0x00000000000014b5       0x71 ./Src/014_i2c_slave_tx_string2.o
 .debug_macro   0x0000000000001526       0x1c ./Src/014_i2c_slave_tx_string2.o
 .debug_macro   0x0000000000001542      0x12a ./Src/014_i2c_slave_tx_string2.o
 .debug_macro   0x000000000000166c       0x10 ./Src/014_i2c_slave_tx_string2.o
 .debug_macro   0x000000000000167c       0x6a ./Src/014_i2c_slave_tx_string2.o
 .debug_macro   0x00000000000016e6       0x1c ./Src/014_i2c_slave_tx_string2.o
 .debug_macro   0x0000000000001702       0x52 ./Src/014_i2c_slave_tx_string2.o
 .debug_macro   0x0000000000001754       0x22 ./Src/014_i2c_slave_tx_string2.o
 .debug_macro   0x0000000000001776       0x10 ./Src/014_i2c_slave_tx_string2.o
 .debug_macro   0x0000000000001786       0x40 ./Src/014_i2c_slave_tx_string2.o
 .debug_macro   0x00000000000017c6       0xd5 ./Src/014_i2c_slave_tx_string2.o
 .debug_macro   0x000000000000189b       0x1c ./Src/014_i2c_slave_tx_string2.o
 .debug_macro   0x00000000000018b7       0x3d ./Src/014_i2c_slave_tx_string2.o
 .debug_macro   0x00000000000018f4       0x16 ./Src/014_i2c_slave_tx_string2.o
 .debug_macro   0x000000000000190a      0x145 ./Src/014_i2c_slave_tx_string2.o
 .debug_macro   0x0000000000001a4f       0x16 ./Src/014_i2c_slave_tx_string2.o
 .debug_macro   0x0000000000001a65       0x35 ./Src/014_i2c_slave_tx_string2.o
 .debug_macro   0x0000000000001a9a       0x20 ./Src/014_i2c_slave_tx_string2.o
 .debug_macro   0x0000000000001aba      0x103 ./Src/014_i2c_slave_tx_string2.o
 .debug_macro   0x0000000000001bbd      0x1df ./Src/014_i2c_slave_tx_string2.o
 .debug_macro   0x0000000000001d9c      0x61b ./Src/014_i2c_slave_tx_string2.o
 .debug_macro   0x00000000000023b7       0xc4 ./Src/014_i2c_slave_tx_string2.o
 .debug_macro   0x000000000000247b       0xe8 ./Src/014_i2c_slave_tx_string2.o
 .debug_macro   0x0000000000002563       0xd6 ./Src/014_i2c_slave_tx_string2.o
 .debug_macro   0x0000000000002639       0xad ./drivers/Src/stm32f446xx_gpio_driver.o
 .debug_macro   0x00000000000026e6       0x8e ./drivers/Src/stm32f446xx_gpio_driver.o
 .debug_macro   0x0000000000002774       0x51 ./drivers/Src/stm32f446xx_gpio_driver.o
 .debug_macro   0x00000000000027c5       0xe2 ./drivers/Src/stm32f446xx_gpio_driver.o
 .debug_macro   0x00000000000028a7       0xad ./drivers/Src/stm32f446xx_i2c_driver.o
 .debug_macro   0x0000000000002954       0xd0 ./drivers/Src/stm32f446xx_i2c_driver.o

.debug_line     0x0000000000000000     0x1e77
 .debug_line    0x0000000000000000      0x7d3 ./Src/014_i2c_slave_tx_string2.o
 .debug_line    0x00000000000007d3       0x84 ./Startup/startup_stm32f446retx.o
 .debug_line    0x0000000000000857      0x997 ./drivers/Src/stm32f446xx_gpio_driver.o
 .debug_line    0x00000000000011ee      0xc89 ./drivers/Src/stm32f446xx_i2c_driver.o

.debug_str      0x0000000000000000     0xaf05
 .debug_str     0x0000000000000000     0xa8ea ./Src/014_i2c_slave_tx_string2.o
                                       0xab65 (size before relaxing)
 .debug_str     0x000000000000a8ea       0x31 ./Startup/startup_stm32f446retx.o
                                         0x79 (size before relaxing)
 .debug_str     0x000000000000a91b      0x325 ./drivers/Src/stm32f446xx_gpio_driver.o
                                       0x6b76 (size before relaxing)
 .debug_str     0x000000000000ac40      0x2c5 ./drivers/Src/stm32f446xx_i2c_driver.o
                                       0x6cbc (size before relaxing)

.comment        0x0000000000000000       0x53
 .comment       0x0000000000000000       0x53 ./Src/014_i2c_slave_tx_string2.o
                                         0x54 (size before relaxing)
 .comment       0x0000000000000053       0x54 ./drivers/Src/stm32f446xx_gpio_driver.o
 .comment       0x0000000000000053       0x54 ./drivers/Src/stm32f446xx_i2c_driver.o

.debug_frame    0x0000000000000000      0x6d8
 .debug_frame   0x0000000000000000      0x114 ./Src/014_i2c_slave_tx_string2.o
 .debug_frame   0x0000000000000114      0x1c8 ./drivers/Src/stm32f446xx_gpio_driver.o
 .debug_frame   0x00000000000002dc      0x3d0 ./drivers/Src/stm32f446xx_i2c_driver.o
 .debug_frame   0x00000000000006ac       0x2c c:/st/stm32cubeide_1.8.0/stm32cubeide/plugins/com.st.stm32cube.ide.mcu.externaltools.gnu-tools-for-stm32.9-2020-q2-update.win32_2.0.0.202105311346/tools/bin/../lib/gcc/arm-none-eabi/9.3.1/../../../../arm-none-eabi/lib/thumb/v7e-m+fp/hard\libc_nano.a(lib_a-init.o)
